// Vitest Snapshot v1, https://vitest.dev/guide/snapshot.html

exports[`API route inventory > matches the registered route snapshot 1`] = `
[
  "DELETE /api/v1/auth/sessions/current",
  "DELETE /api/v1/stores/:storeId/attendances/:attendanceId",
  "DELETE /api/v1/stores/:storeId/attendances/test-data",
  "DELETE /api/v1/stores/:storeId/employees/:employeeUserId/leave-requests/:leaveRequestId",
  "DELETE /api/v1/stores/:storeId/expenses/:expenseId",
  "DELETE /api/v1/stores/:storeId/services/:serviceId",
  "GET /api/v1/account/billing",
  "GET /api/v1/account/data-retention-plan",
  "GET /api/v1/account/profile",
  "GET /api/v1/account/security",
  "GET /api/v1/me/report",
  "GET /api/v1/me/time-tracking",
  "GET /api/v1/notifications",
  "GET /api/v1/reports/home-summary",
  "GET /api/v1/stores",
  "GET /api/v1/stores/:storeId",
  "GET /api/v1/stores/:storeId/attendances",
  "GET /api/v1/stores/:storeId/attendances/:attendanceId",
  "GET /api/v1/stores/:storeId/attendances/calendar",
  "GET /api/v1/stores/:storeId/attendances/form-options",
  "GET /api/v1/stores/:storeId/attendances/search",
  "GET /api/v1/stores/:storeId/customers",
  "GET /api/v1/stores/:storeId/customers/:customerId",
  "GET /api/v1/stores/:storeId/customers/:customerId/attendance-summary",
  "GET /api/v1/stores/:storeId/customers/:customerId/attendances",
  "GET /api/v1/stores/:storeId/employee-time-tracking",
  "GET /api/v1/stores/:storeId/employees",
  "GET /api/v1/stores/:storeId/employees/:employeeUserId",
  "GET /api/v1/stores/:storeId/employees/:employeeUserId/attendance-days",
  "GET /api/v1/stores/:storeId/employees/:employeeUserId/leave-requests",
  "GET /api/v1/stores/:storeId/expenses",
  "GET /api/v1/stores/:storeId/reports/dashboard",
  "GET /api/v1/stores/:storeId/reports/employee-performance",
  "GET /api/v1/stores/:storeId/reports/overview",
  "GET /api/v1/stores/:storeId/reports/service-performance",
  "GET /api/v1/stores/:storeId/salaries/monthly",
  "GET /api/v1/stores/:storeId/salaries/weekly",
  "GET /api/v1/stores/:storeId/service-catalog",
  "GET /api/v1/stores/:storeId/services",
  "GET /api/v1/stores/:storeId/weekly-reports",
  "GET /api/v1/stores/:storeId/weekly-reports/:weekStartDate",
  "GET /api/v1/stores/:storeId/work-day-settlement-candidates",
  "GET /api/v1/stores/:storeId/work-day-settlements",
  "GET /api/v1/stores/:storeId/work-day-settlements/:workDate",
  "GET /api/v1/stores/:storeId/work-day-settlements/:workDate/attendance-items",
  "GET /api/v1/stores/:storeId/work-days",
  "GET /api/v1/stores/:storeId/work-days/settlement-preview",
  "GET /api/v1/stores/:storeId/work-days/settlements",
  "GET /api/v1/users/:userId/profile",
  "GET /health",
  "GET /metrics",
  "GET /ready",
  "PATCH /api/v1/account/data-retention-plan",
  "PATCH /api/v1/account/profile",
  "PATCH /api/v1/stores/:storeId",
  "PATCH /api/v1/stores/:storeId/attendances/:attendanceId",
  "PATCH /api/v1/stores/:storeId/customers/:customerId/block",
  "PATCH /api/v1/stores/:storeId/customers/:customerId/unblock",
  "PATCH /api/v1/stores/:storeId/employees/:employeeUserId",
  "PATCH /api/v1/stores/:storeId/employees/:employeeUserId/employment-status",
  "PATCH /api/v1/stores/:storeId/employees/:employeeUserId/password",
  "PATCH /api/v1/stores/:storeId/employees/:employeeUserId/services",
  "PATCH /api/v1/stores/:storeId/employees/:employeeUserId/working-hours",
  "PATCH /api/v1/stores/:storeId/expenses/:expenseId",
  "PATCH /api/v1/stores/:storeId/services/:serviceId",
  "PATCH /api/v1/users/:userId/profile",
  "PATCH /api/v1/users/me/password",
  "POST /api/v1/account/billing/subscriptions",
  "POST /api/v1/account/billing/subscriptions/cancel",
  "POST /api/v1/account/billing/subscriptions/start",
  "POST /api/v1/account/deletion-request",
  "POST /api/v1/admin/owners",
  "POST /api/v1/auth/admin-sessions",
  "POST /api/v1/auth/admin/register-owner",
  "POST /api/v1/auth/admin/signin",
  "POST /api/v1/auth/change-password",
  "POST /api/v1/auth/firebase-custom-tokens",
  "POST /api/v1/auth/firestore-token",
  "POST /api/v1/auth/forgot-password/request-otp",
  "POST /api/v1/auth/forgot-password/reset-password",
  "POST /api/v1/auth/forgot-password/verify-otp",
  "POST /api/v1/auth/logout",
  "POST /api/v1/auth/refresh-token",
  "POST /api/v1/auth/register-owner",
  "POST /api/v1/auth/sessions",
  "POST /api/v1/auth/signin",
  "POST /api/v1/billing/checkout",
  "POST /api/v1/owners",
  "POST /api/v1/password-reset-otp-requests",
  "POST /api/v1/password-reset-otp-verifications",
  "POST /api/v1/password-resets",
  "POST /api/v1/stores",
  "POST /api/v1/stores/:storeId/attendances",
  "POST /api/v1/stores/:storeId/attendances/backfill",
  "POST /api/v1/stores/:storeId/employees",
  "POST /api/v1/stores/:storeId/employees/:employeeUserId/leave-requests",
  "POST /api/v1/stores/:storeId/employees/:employeeUserId/leave-requests/preview",
  "POST /api/v1/stores/:storeId/expense-receipts",
  "POST /api/v1/stores/:storeId/expenses",
  "POST /api/v1/stores/:storeId/service-groups",
  "POST /api/v1/stores/:storeId/services",
  "POST /api/v1/stores/:storeId/weekly-reports",
  "POST /api/v1/stores/:storeId/work-day-settlements",
  "POST /api/v1/webhooks/paypal",
  "PUT /api/v1/me/time-tracking",
  "PUT /api/v1/me/work-day-closings",
  "PUT /api/v1/stores/:storeId/employee-time-tracking/:employeeUserId",
]
`;
